
ASEM-51 V1.3                                         Copyright (c) 2002 by W.W. Heinz                                         PAGE 1





       MCS-51 Family Macro Assembler   A S E M - 5 1   V 1.3
       =====================================================



	Source File:	E:\micro\Lab\WEEK5\PT004.ASM
	Object File:	E:\micro\Lab\WEEK5\PT004.hex
	List File:	E:\micro\Lab\WEEK5\PT004.lst



 Line  I  Addr  Code            Source

    1:		N      0000	ORG	0000H
    2:	  0000	02 01 00	JMP	START
    3:
    4:		N      0100	ORG	0100H
    5:	  0100	C3		START:	CLR	C
    6:	  0101	43 90 0F	ORL	P1,#0FH
    7:	  0104	53 90 0F	ANL	P1,#0FH
    8:	  0107	90 01 44	MOV	DPTR,#XTABLE
    9:
   10:	  010A	D2 97		UP:	SETB	P1.7
   11:	  010C	C2 94			CLR	P1.4
   12:	  010E	12 01 22		CALL	LOOPUP
   13:	  0111	30 90 02		JNB	P1.0,DOWN
   14:	  0114	80 F4			JMP	UP
   15:
   16:	  0116	D2 94		DOWN:	SETB	P1.4
   17:	  0118	C2 97			CLR	P1.7
   18:	  011A	12 01 33		CALL	LOOPDOWN
   19:	  011D	30 93 EA		JNB	P1.3,UP
   20:	  0120	80 F4			JMP	DOWN
   21:
   22:	  0122	EF		LOOPUP:	MOV	A,R7
   23:	  0123	04		INC	A
   24:	  0124	75 F0 0A	MOV	B,#10
   25:	  0127	84		DIV	AB
   26:	  0128	E5 F0		MOV	A,B
   27:	  012A	FF		MOV	R7,A
   28:	  012B	93		MOVC	A,@A+DPTR
   29:	  012C	F5 B0		MOV	P3,A
   30:	  012E	12 01 4E	CALL	DLY00
   31:	  0131	80 D7		JMP	UP
   32:
   33:	  0133	EF		LOOPDOWN:	MOV	A,R7
   34:	  0134	14		DEC	A
   35:	  0135	75 F0 0A	MOV	B,#10
   36:	  0138	84		DIV	AB
   37:	  0139	E5 F0		MOV	A,B
   38:	  013B	FF		MOV	R7,A
   39:	  013C	93		MOVC	A,@A+DPTR
   40:	  013D	F5 B0		MOV	P3,A
   41:	  013F	12 01 4E	CALL	DLY00
   42:	  0142	80 D2		JMP	DOWN
   43:

ASEM-51 V1.3                                         Copyright (c) 2002 by W.W. Heinz                                         PAGE 2



 Line  I  Addr  Code            Source

   44:	  0144	3F 06 5B 4F	XTABLE:	DB	3FH,06H,5BH,4FH
   45:	  0148	66 6D 7D 07		DB	66H,6DH,7DH,07H
   46:	  014C	7F 6F			DB	7FH,6FH
   47:
   48:	  014E	78 0A		DLY00:	MOV	R0,#10
   49:	  0150	D5 E0 FD	_DLY00:	DJNZ	Acc,_DLY00
   50:	  0153	D5 F0 FA	DJNZ	B,_DLY00
   51:	  0156	D8 F8		DJNZ	R0,_DLY00
   52:	  0158	22		RET
   53:
   54:
   55:
   56:				END





                     register banks used:  ---

                     no errors




ASEM-51 V1.3                                         Copyright (c) 2002 by W.W. Heinz                                         PAGE 3





	       L I S T   O F   S Y M B O L S
	       =============================


SYMBOL				  TYPE     VALUE	LINE
------------------------------------------------------------
??ASEM_51			  NUMBER    8051
??VERSION			  NUMBER    0130
AC				  BIT	      D6
ACC				  DATA	      E0
B				  DATA	      F0
CY				  BIT	      D7
DLY00				  CODE	    014E	  48
DOWN				  CODE	    0116	  16
DPH				  DATA	      83
DPL				  DATA	      82
EA				  BIT	      AF
ES				  BIT	      AC
ET0				  BIT	      A9
ET1				  BIT	      AB
EX0				  BIT	      A8
EX1				  BIT	      AA
EXTI0				  CODE	    0003
EXTI1				  CODE	    0013
F0				  BIT	      D5
IE				  DATA	      A8
IE0				  BIT	      89
IE1				  BIT	      8B
INT0				  BIT	      B2
INT1				  BIT	      B3
IP				  DATA	      B8
IT0				  BIT	      88
IT1				  BIT	      8A
LOOPDOWN			  CODE	    0133	  33
LOOPUP				  CODE	    0122	  22
OV				  BIT	      D2
P				  BIT	      D0
P0				  DATA	      80
P1				  DATA	      90
P2				  DATA	      A0
P3				  DATA	      B0
PCON				  DATA	      87
PS				  BIT	      BC
PSW				  DATA	      D0
PT0				  BIT	      B9
PT1				  BIT	      BB
PX0				  BIT	      B8
PX1				  BIT	      BA
RB8				  BIT	      9A
RD				  BIT	      B7
REN				  BIT	      9C
RESET				  CODE	    0000
RI				  BIT	      98
RS0				  BIT	      D3
RS1				  BIT	      D4
RXD				  BIT	      B0

ASEM-51 V1.3                                         Copyright (c) 2002 by W.W. Heinz                                         PAGE 4



SYMBOL				  TYPE     VALUE	LINE
------------------------------------------------------------
SBUF				  DATA	      99
SCON				  DATA	      98
SINT				  CODE	    0023
SM0				  BIT	      9F
SM1				  BIT	      9E
SM2				  BIT	      9D
SP				  DATA	      81
START				  CODE	    0100	   5
T0				  BIT	      B4
T1				  BIT	      B5
TB8				  BIT	      9B
TCON				  DATA	      88
TF0				  BIT	      8D
TF1				  BIT	      8F
TH0				  DATA	      8C
TH1				  DATA	      8D
TI				  BIT	      99
TIMER0				  CODE	    000B
TIMER1				  CODE	    001B
TL0				  DATA	      8A
TL1				  DATA	      8B
TMOD				  DATA	      89
TR0				  BIT	      8C
TR1				  BIT	      8E
TXD				  BIT	      B1
UP				  CODE	    010A	  10
WR				  BIT	      B6
XTABLE				  CODE	    0144	  44
_DLY00				  CODE	    0150	  49
